// Jest Snapshot v1, https://goo.gl/fbAQLP

exports[`<BottomBar /> Prints correctly 1`] = `
<View
  style={
    Object {
      "borderTopColor": "#AAAAAA",
      "borderTopWidth": 1,
      "display": "flex",
      "flexBasis": 60,
      "flexDirection": "row",
      "flexGrow": 0,
      "justifyContent": "space-evenly",
    }
  }
>
  <View
    accessible={true}
    focusable={true}
    onClick={[Function]}
    onResponderGrant={[Function]}
    onResponderMove={[Function]}
    onResponderRelease={[Function]}
    onResponderTerminate={[Function]}
    onResponderTerminationRequest={[Function]}
    onStartShouldSetResponder={[Function]}
    style={
      Object {
        "alignItems": "center",
        "display": "flex",
        "flex": 1,
        "height": "100%",
        "justifyContent": "center",
        "opacity": 1,
      }
    }
  >
    <Text
      style={
        Object {
          "color": "#005BE3",
          "fontFamily": "crypto-viewer",
          "fontSize": 20,
        }
      }
      testID="list"
    >
      
    </Text>
    <Text
      style={
        Object {
          "color": "#005BE3",
        }
      }
    >
      Prices
    </Text>
  </View>
  <View
    accessible={true}
    focusable={true}
    onClick={[Function]}
    onResponderGrant={[Function]}
    onResponderMove={[Function]}
    onResponderRelease={[Function]}
    onResponderTerminate={[Function]}
    onResponderTerminationRequest={[Function]}
    onStartShouldSetResponder={[Function]}
    style={
      Object {
        "alignItems": "center",
        "display": "flex",
        "flex": 1,
        "height": "100%",
        "justifyContent": "center",
        "opacity": 1,
      }
    }
  >
    <Text
      style={
        Object {
          "color": "#222222",
          "fontFamily": "crypto-viewer",
          "fontSize": 20,
        }
      }
      testID="wallet"
    >
      
    </Text>
  </View>
</View>
`;
